INFO:root:This is my first logging class
INFO:root:This is my first logging class
INFO:root:This is my first logging class
INFO:root:2
INFO:root:This is my first logging class
INFO:root:2
INFO:root:This is my first logging class
INFO:root:2
